apples                              2.28
  0.99 * 2.300

Total:                              2.28
