toothbrush                          1.98
  0.99 * 2
toothbrush                          2.97
  0.99 * 3

Total:                              4.95
