toothbrush                          0.75

Total:                              0.75
